node.exe : FAIL src/modules/mission/mission.service.test.js
At E:\E\Program\Node\npx.ps1:29 char:3
+   & $NODE_EXE $NPX_CLI_JS $args
+   ~~~~~~~~~~~~~~~~~~~~~~~~~~~~~
    + CategoryInfo          : NotSpecified: (FAIL src/module...servi 
   ce.test.js:String) [], RemoteException
    + FullyQualifiedErrorId : NativeCommandError
 
  Mission Service - addPlanToMission
    ├ù should allow adding the same flight plan multiple times at 
different intervals (2 ms)
    ├ù should block adding the same flight plan if times overlap (19 
ms)

  ΓùÅ Mission Service - addPlanToMission ΓÇ║ should allow adding the 
same flight plan multiple times at different intervals

    TypeError: MissionPlan.find(...).populate is not a function

    [0m [90m 72 |[39m         plannedEnd[33m:[39m { 
$gt[33m:[39m plannedStart }[33m,[39m
     [90m 73 |[39m         [33m...[39m(excludeMissionPlanId 
[33m?[39m { _id[33m:[39m { $ne[33m:[39m excludeMissionPlanId } 
} [33m:[39m {})[33m,[39m
    [31m[1m>[22m[39m[90m 74 |[39m     
})[33m.[39mpopulate([32m"flightPlan"[39m[33m,[39m 
[32m"drone"[39m)[33m;[39m
     [90m    |[39m        [31m[1m^[22m[39m
     [90m 75 |[39m
     [90m 76 |[39m     [36mconst[39m hasOverlap [33m=[39m 
overlappingMissionPlans[33m.[39msome(
     [90m 77 |[39m         (missionPlan) [33m=>[39m[0m

      at populate (src/modules/mission/mission.service.js:74:8)
      at assertNoDroneOverlapInMission 
(src/modules/mission/mission.service.js:162:11)
      at Object.<anonymous> 
(src/modules/mission/mission.service.test.js:59:9)

  ΓùÅ Mission Service - addPlanToMission ΓÇ║ should block adding the 
same flight plan if times overlap

    expect(received).rejects.toThrow(expected)

    Expected substring: "Mission schedule overlaps for the same 
drone"
    Received message:   "MissionPlan.find(...).populate is not a 
function"

        [0m [90m 72 |[39m         plannedEnd[33m:[39m { 
$gt[33m:[39m plannedStart }[33m,[39m
         [90m 73 |[39m         [33m...[39m(excludeMissionPlanId 
[33m?[39m { _id[33m:[39m { $ne[33m:[39m excludeMissionPlanId } 
} [33m:[39m {})[33m,[39m
        [31m[1m>[22m[39m[90m 74 |[39m     
})[33m.[39mpopulate([32m"flightPlan"[39m[33m,[39m 
[32m"drone"[39m)[33m;[39m
         [90m    |[39m        [31m[1m^[22m[39m
         [90m 75 |[39m
         [90m 76 |[39m     [36mconst[39m hasOverlap [33m=[39m 
overlappingMissionPlans[33m.[39msome(
         [90m 77 |[39m         (missionPlan) [33m=>[39m[0m

      at populate (src/modules/mission/mission.service.js:74:8)
      at assertNoDroneOverlapInMission 
(src/modules/mission/mission.service.js:162:11)
      at Object.<anonymous> 
(src/modules/mission/mission.service.test.js:112:9)
      at Object.toThrow (node_modules/expect/build/index.js:2155:20)
      at Object.toThrow 
(src/modules/mission/mission.service.test.js:113:22)

Test Suites: 1 failed, 1 total
Tests:       2 failed, 2 total
Snapshots:   0 total
Time:        1.008 s, estimated 5 s
Ran all test suites matching 
src/modules/mission/mission.service.test.js.
